// Jest Snapshot v1, https://goo.gl/fbAQLP

exports[`ThemeToggler renders correctly ThemeToggler 1`] = `
<div
  className="wrapper"
  data-testid="theme-toggler"
  onClick={[Function]}
>
  <div
    className="darkTheme"
    data-testid="dark"
  >
    <svg>
      Moon.svg
    </svg>
  </div>
  <div
    className="lightTheme"
    data-testid="light"
  >
    <svg>
      Sun.svg
    </svg>
  </div>
</div>
`;
